C:\Projects\github\MyReadCfg\MyReadCfg\tools\test\Logical\Global.typ
C:\Projects\github\MyReadCfg\MyReadCfg\tools\test\Logical\Global.var
C:\Projects\github\MyReadCfg\MyReadCfg\tools\test\Logical\Libraries\operator\operator.fun
C:\Projects\github\MyReadCfg\MyReadCfg\tools\test\Logical\Libraries\operator\operator.typ
C:\Projects\github\MyReadCfg\MyReadCfg\tools\test\Logical\Libraries\operator\operator.var
C:\Projects\github\MyReadCfg\MyReadCfg\tools\test\Logical\Libraries\runtime\runtime.fun
C:\Projects\github\MyReadCfg\MyReadCfg\tools\test\Logical\Libraries\runtime\runtime.typ
C:\Projects\github\MyReadCfg\MyReadCfg\tools\test\Logical\Libraries\runtime\runtime.var
C:\Projects\github\MyReadCfg\MyReadCfg\tools\test\Logical\Libraries\astime\astime.fun
C:\Projects\github\MyReadCfg\MyReadCfg\tools\test\Logical\Libraries\astime\astime.typ
C:\Projects\github\MyReadCfg\MyReadCfg\tools\test\Logical\Libraries\astime\astime.var
C:\Projects\github\MyReadCfg\MyReadCfg\tools\test\Logical\Libraries\AsIecCon\AsIecCon.fun
C:\Projects\github\MyReadCfg\MyReadCfg\tools\test\Logical\Libraries\AsIecCon\AsIecCon.typ
C:\Projects\github\MyReadCfg\MyReadCfg\tools\test\Logical\Libraries\AsIecCon\AsIecCon.var
C:\Projects\github\MyReadCfg\MyReadCfg\tools\test\Logical\Libraries\ArEventLog\ArEventLog.fun
C:\Projects\github\MyReadCfg\MyReadCfg\tools\test\Logical\Libraries\ArEventLog\ArEventLog.typ
C:\Projects\github\MyReadCfg\MyReadCfg\tools\test\Logical\Libraries\ArEventLog\ArEventLog.var
C:\Projects\github\MyReadCfg\MyReadCfg\tools\test\Logical\Libraries\FileIO\FileIO.fun
C:\Projects\github\MyReadCfg\MyReadCfg\tools\test\Logical\Libraries\FileIO\FileIO.typ
C:\Projects\github\MyReadCfg\MyReadCfg\tools\test\Logical\Libraries\FileIO\FileIO.var
C:\Projects\github\MyReadCfg\MyReadCfg\sources\MyReadCfg\MyReadCfgConstants.var
C:\Projects\github\MyReadCfg\MyReadCfg\sources\MyReadCfg\MyReadCfg.fun
C:\Projects\github\MyReadCfg\MyReadCfg\tools\test\Logical\Libraries\AsBrStr\AsBrStr.fun
C:\Projects\github\MyReadCfg\MyReadCfg\tools\test\Logical\Libraries\AsBrStr\AsBrStr.typ
C:\Projects\github\MyReadCfg\MyReadCfg\tools\test\Logical\Libraries\AsBrStr\AsBrStr.var
C:\Projects\github\MyReadCfg\MyReadCfg\tools\test\Logical\Libraries\sys_lib\sys_lib.fun
C:\Projects\github\MyReadCfg\MyReadCfg\tools\test\Logical\Libraries\sys_lib\sys_lib.typ
C:\Projects\github\MyReadCfg\MyReadCfg\tools\test\Logical\Libraries\sys_lib\sys_lib.var
C:\Projects\github\MyReadCfg\MyReadCfg\tools\test\Logical\Libraries\standard\standard.fun
C:\Projects\github\MyReadCfg\MyReadCfg\tools\test\Logical\Libraries\standard\standard.typ
C:\Projects\github\MyReadCfg\MyReadCfg\tools\test\Logical\Libraries\standard\standard.var
C:\Projects\github\MyReadCfg\MyReadCfg\tools\test\Logical\Libraries\brsystem\brsystem.fun
C:\Projects\github\MyReadCfg\MyReadCfg\tools\test\Logical\Libraries\brsystem\brsystem.typ
C:\Projects\github\MyReadCfg\MyReadCfg\tools\test\Logical\Libraries\brsystem\brsystem.var
